// Jest Snapshot v1, https://goo.gl/fbAQLP

exports[`should render Comment correctly 1`] = `
<div
  id="comment_id"
  name="comment"
>
  <div
    id="name_time"
  >
    <h4
      className="user_name"
    >
      Imo
    </h4>
    <p
      id="time"
    >
      Time oclock
    </p>
  </div>
  <div
    id="message"
  >
    <p />
  </div>
  <AllCommentButtons />
</div>
`;
