// Jest Snapshot v1, https://goo.gl/fbAQLP

exports[`should render Navigation correctly 1`] = `
<div>
  <nav
    className="navbar navbar-dark"
    id="navbar"
  >
    <h2>
      Acebook
    </h2>
    <a
      href="/posts"
    >
      Timeline
    </a>
    <a
      href="/"
    >
      Login
    </a>
  </nav>
</div>
`;
