// Jest Snapshot v1, https://goo.gl/fbAQLP

exports[`should render NewPost correctly 1`] = `
<form
  className="new_message_form"
  onSubmit={[Function]}
>
  <textarea
    id="post_message"
    placeholder="What's on your mind...?"
  />
  <button
    id="submit_message"
  >
    Submit
  </button>
</form>
`;
